== P1-B) exact local exponent d ln S2 / d ln r of the discrete mode sum ==
   k_lo=0.004602  k_hi=1.380583  r_*(beta=3 turnover) = 1/k_lo = 217.3
   beta=1.666667 (k41_5_3): r=16:0.7993, r=32:0.6528, r=64:0.6316, r=128:0.5738, r=217:0.4615, r=249:0.4129
   beta=2.000000 (two): r=16:1.0396, r=32:0.9596, r=64:0.9166, r=128:0.8206, r=217:0.6634, r=249:0.6001
   beta=3.000000 (three): r=16:1.7324, r=32:1.6687, r=64:1.5717, r=128:1.4014, r=217:1.1630, r=249:1.0723
   Asymptotic saturation requires k_lo*r >> 1; the window reaches k_lo*r = 1.146 at its largest lag. The local exponent of the exact discrete mode sum at r=217 is 1.1630 and at r=249 is 1.0723 -- decreasing, but far from the 0 of a saturated plateau. The first audit's 'saturated plateau' and 'second saturation mechanism' language is RETRACTED and replaced by: the window extends past the onset of the finite-band turnover (k_lo*r ~ 1), so the local exponent is falling through the window. That is what truncates the log growth; no asymptotic plateau is claimed.
== P2-A) window satisfying k_hi*r_a >= 20 AND k_lo*r_b <= 0.1 ==
   required r_a >= 20/k_hi = 14.49   and   r_b <= 0.1/k_lo = 21.73
   integer lags available in that interval: [15, 16, 17, 18, 19, 20, 21]  (7 lags)
   beta=1.6667: slope=0.728457  theory=0.666667  gap=+0.061790  window-perturbation spread=2.25e-03
   beta=2.0000: slope=1.006433  theory=1.000000  gap=+0.006433  window-perturbation spread=2.50e-03
   beta=3.0000: slope=1.723289  theory=2.000000  gap=-0.276711  window-perturbation spread=4.47e-03
   For beta = 3 the approach to the asymptotic exponent 2 is only logarithmic: the local exponent is 2 - 1/(ln(1/(k_lo r)) + 2 C0), which reaches 1.9 only when ln(1/(k_lo r)) >~ 8.1, i.e. k_lo r <~ 3e-4, i.e. r >~ 3300 -- far outside any usable window at this N and band. So no window makes beta = 3 a power-law test.
== P2-A addendum) chord slope vs window: the measured value is a window property ==
   [  16, 249]: beta=5/3 -> 0.6169   beta=2 -> 0.8725   beta=3 -> 1.4911
   [  15,  21]: beta=5/3 -> 0.7285   beta=2 -> 1.0064   beta=3 -> 1.7233
   [  16,  64]: beta=5/3 -> 0.6897   beta=2 -> 0.9690   beta=3 -> 1.6590
   [  16, 128]: beta=5/3 -> 0.6624   beta=2 -> 0.9339   beta=3 -> 1.5942
   [  32, 249]: beta=5/3 -> 0.5953   beta=2 -> 0.8438   beta=3 -> 1.4418
   [  64, 249]: beta=5/3 -> 0.5627   beta=2 -> 0.7993   beta=3 -> 1.3688
   [  16, 512]: beta=5/3 -> 0.5089   beta=2 -> 0.7295   beta=3 -> 1.2750
   [   8, 512]: beta=5/3 -> 0.5308   beta=2 -> 0.7579   beta=3 -> 1.3202
   [  16,1024]: beta=5/3 -> 0.2663   beta=2 -> 0.4038   beta=3 -> 0.7794
   The measured slope moves smoothly with the window over a range far larger than any tolerance used for it, so the number is a property of the (band, window) pair and not of the spectrum alone. CONSEQUENCE FOR THE PROPOSED GATE: it is retracted as a recommendation. The interval [15,21] satisfies k_hi*r_a >= 20 and k_lo*r_b <= 0.1 but gives beta=5/3 -> 0.7285, a LARGER deviation from 2/3 than GLM's window (-0.028) gives, because the local exponent is ABOVE 2/3 at small r and below it at large r, so which side a window errs on depends on where it sits, not on how well resolved the band is. A 'resolved-band' condition alone therefore does not make a slope equal the asymptotic exponent.
== P2-B) beta=3 log constant C0 with a supported precision ==
   C0 (series + high-precision tail, dps=40) = 0.46139321254910263602
   x-sweep 1e-1..1e-20: 20 points, max-min = 0.00020830337
   first: {'x': '1e-1', 'F_minus_half_log': '0.4616015111643470005679049'}
   last : {'x': '1e-20', 'F_minus_half_log': '0.4613932077974767900420987'}
   C0 = 0.46139321254910263602 is supported to the sweep's observed spread (0.000208 over x = 1e-1..1e-20), not to 5e-7. The first version printed 0.461336 from a partially converged quadrature while the report used 0.461390, a discrepancy of 5.4e-5 that its 'stable to 5e-7' claim contradicted. This value replaces both, and the sweep it advertises is the sweep performed.
[written] ../../results/20260928T035326002008Z-dsk-PHYS-001/B2_B3_B4_local_exponent.json
